Chain order: A
n4-helix with 3 tetrads
  Op+ VIII n/a quadruplex with 3 tetrads
    A.DG1 A.DG4 A.DG7 A.DG10 cWH cWH cWH cWH O+ VIIIa planarity=0.35  
      direction=parallel rise=3.64 twist=1.98
    A.DG22 A.DG19 A.DG16 A.DG13 cHW cHW cHW cHW O+ VIIIa planarity=0.24  
      direction=parallel rise=3.26 twist=28.53
    A.DG23 A.DG20 A.DG17 A.DG14 cHW cHW cHW cHW O+ VIIIa planarity=0.82  

    Tracts:
      A.DG1, A.DG22, A.DG23
      A.DG4, A.DG19, A.DG20
      A.DG7, A.DG16, A.DG17
      A.DG10, A.DG13, A.DG14

    Loops:
      lateral- A.DG2, A.DA3
      lateral- A.DG5, A.DA6
      lateral- A.DG8, A.DA9
      propeller- A.DA15
      propeller- A.DA18
      propeller- A.DA21

GGAGGAGGAGGAGGAGGAGGAGGA
(..)..(..)..([.)].([.)].
(..(..)..)..([.([.)].)].

    [A.DG1, A.DA3, A.DG4, A.DA6, A.DG7, A.DA9, A.DG10] - Heptad
    [A.DG22, A.DA21, A.DG19, A.DA18, A.DG16, A.DA15, A.DG13] - Heptad
